GL_LOG_FILE log. local time Fri Dec  5 18:26:10 2025

Starting AceEngine
GLFW Version: 3.4.0 Cocoa NSGL Null EGL OSMesa monotonic dynamic
Setting OpenGL version hints
Requesting OpenGL debug context
Anti-aliasing set to 4x MSAA
Requesting sRGB capable framebuffer
Created windowed mode: 640x480 - AceEngine
Renderer: Apple M1 Pro
OpenGL version: 4.1 Metal - 90.5
UBO support: max binding points = 80
UBO support: max block size = 65536 bytes
OpenGL debug callback not available on macOS - using manual error checking
sRGB gamma correction: ENABLED
Initial framebuffer size: 1280x960
Engine initialized successfully
Running Exercise 22 - Shadow Mapping
Created shadow map 1024x1024
Loading shaders: shaders/exercises/exercise22/depth_vertex.glsl, shaders/exercises/exercise22/depth_fragment.glsl
Shader 1 compiled successfully
Shader 2 compiled successfully
Shader programme 3 linked successfully
Shader programme 3 loaded successfully
Loading shaders: shaders/exercises/exercise22/scene_vertex.glsl, shaders/exercises/exercise22/scene_fragment.glsl
Shader 4 compiled successfully
Shader 5 compiled successfully
Shader programme 6 linked successfully
Shader programme 6 loaded successfully
Loading shaders: shaders/exercises/exercise22/quad_vertex.glsl, shaders/exercises/exercise22/quad_fragment.glsl
Shader 7 compiled successfully
Shader 8 compiled successfully
Shader programme 9 linked successfully
Shader programme 9 loaded successfully
Exercise 22 completed
Shutting down engine
